../Drivers/CMSIS/Include/core_cm4.h:1939:34:__NVIC_SystemReset	4	static,ignoring_inline_asm
../Core/Src/main.c:161:5:main	48	static
../Core/Src/main.c:333:6:SystemClock_Config	88	static
../Core/Src/main.c:376:13:MX_I2C2_Init	8	static
../Core/Src/main.c:408:13:MX_SPI3_Init	8	static
../Core/Src/main.c:444:13:MX_TIM1_Init	96	static
../Core/Src/main.c:515:13:MX_TIM2_Init	56	static
../Core/Src/main.c:562:13:MX_TIM3_Init	32	static
../Core/Src/main.c:604:13:MX_TIM5_Init	32	static
../Core/Src/main.c:646:13:MX_TIM11_Init	40	static
../Core/Src/main.c:691:13:MX_USART2_UART_Init	8	static
../Core/Src/main.c:722:13:MX_USART6_UART_Init	8	static
../Core/Src/main.c:751:13:MX_DMA_Init	16	static
../Core/Src/main.c:768:13:MX_GPIO_Init	48	static
../Core/Src/main.c:835:6:Photo_IT	8	static
../Core/Src/main.c:854:6:HAL_GPIO_EXTI_Callback	16	static
../Core/Src/main.c:882:10:micros	12	static
../Core/Src/main.c:886:6:HAL_TIM_PeriodElapsedCallback	24	static
../Core/Src/main.c:898:6:Error_Handler	4	static,ignoring_inline_asm
