../Drivers/CMSIS/Include/core_cm4.h:1939:34:__NVIC_SystemReset	4	static,ignoring_inline_asm
../Core/Src/main.c:240:5:main	160	static
../Core/Src/main.c:659:6:SystemClock_Config	88	static
../Core/Src/main.c:702:13:MX_I2C2_Init	8	static
../Core/Src/main.c:734:13:MX_SPI3_Init	8	static
../Core/Src/main.c:770:13:MX_TIM1_Init	96	static
../Core/Src/main.c:841:13:MX_TIM2_Init	56	static
../Core/Src/main.c:888:13:MX_TIM3_Init	32	static
../Core/Src/main.c:930:13:MX_TIM5_Init	32	static
../Core/Src/main.c:972:13:MX_TIM11_Init	40	static
../Core/Src/main.c:1017:13:MX_USART2_UART_Init	8	static
../Core/Src/main.c:1048:13:MX_USART6_UART_Init	8	static
../Core/Src/main.c:1077:13:MX_DMA_Init	16	static
../Core/Src/main.c:1094:13:MX_GPIO_Init	48	static
../Core/Src/main.c:1161:6:Photo_IT	8	static
../Core/Src/main.c:1180:6:HAL_GPIO_EXTI_Callback	16	static
../Core/Src/main.c:1208:10:micros	12	static
../Core/Src/main.c:1212:6:HAL_TIM_PeriodElapsedCallback	24	static
../Core/Src/main.c:1224:6:Error_Handler	4	static,ignoring_inline_asm
